
> taskguard-frontend@1.0.0 test
> react-scripts test --watchAll=false Login.test.jsx

FAIL src/components/Login.test.jsx (5.106 s)
  Login Component
    ΓêÜ renders login form by default (88 ms)
    ΓêÜ shows validation errors when submitting empty form (68 ms)
    ΓêÜ toggles to registration form (14 ms)
    ΓêÜ shows full name validation error on register with empty name (39 ms)
    ├ù calls login API on valid login submit (1063 ms)
    ├ù shows error message on login failure (1028 ms)
    ├ù calls register API and shows success message (1069 ms)
    ΓêÜ back to login button switches back from register (17 ms)

  ΓùÅ Login Component ΓÇ║ calls login API on valid login submit

    TypeError: (0 , _authSlice.loginStart) is not a function

      25 |     if (Object.keys(errs).length) { setValidationErrors(errs); return; }
      26 |     setValidationErrors({});
    > 27 |     dispatch(loginStart());
         |                        ^
      28 |     try {
      29 |       if (isRegistering) {
      30 |         await register({ email: formData.email, password: formData.password, fullName: formData.fullName, domainRole: formData.domainRole });

      at handleSubmit (src/components/Login.jsx:27:24)
      at HTMLUnknownElement.callCallback (node_modules/react-dom/cjs/react-dom.development.js:4164:14)
      at HTMLUnknownElement.callTheUserObjectsOperation (node_modules/jsdom/lib/jsdom/living/generated/EventListener.js:26:30)
      at innerInvokeEventListeners (node_modules/jsdom/lib/jsdom/living/events/EventTarget-impl.js:338:25)
      at invokeEventListeners (node_modules/jsdom/lib/jsdom/living/events/EventTarget-impl.js:274:3)
      at HTMLUnknownElementImpl._dispatch (node_modules/jsdom/lib/jsdom/living/events/EventTarget-impl.js:221:9)
      at HTMLUnknownElementImpl.dispatchEvent (node_modules/jsdom/lib/jsdom/living/events/EventTarget-impl.js:94:17)
      at HTMLUnknownElement.dispatchEvent (node_modules/jsdom/lib/jsdom/living/generated/EventTarget.js:231:34)
      at Object.invokeGuardedCallbackDev (node_modules/react-dom/cjs/react-dom.development.js:4213:16)
      at invokeGuardedCallback (node_modules/react-dom/cjs/react-dom.development.js:4277:31)
      at invokeGuardedCallbackAndCatchFirstError (node_modules/react-dom/cjs/react-dom.development.js:4291:25)
      at executeDispatch (node_modules/react-dom/cjs/react-dom.development.js:9041:3)
      at processDispatchQueueItemsInOrder (node_modules/react-dom/cjs/react-dom.development.js:9073:7)
      at processDispatchQueue (node_modules/react-dom/cjs/react-dom.development.js:9086:5)
      at dispatchEventsForPlugins (node_modules/react-dom/cjs/react-dom.development.js:9097:3)
      at node_modules/react-dom/cjs/react-dom.development.js:9288:12
      at batchedUpdates$1 (node_modules/react-dom/cjs/react-dom.development.js:26179:12)
      at batchedUpdates (node_modules/react-dom/cjs/react-dom.development.js:3991:12)
      at dispatchEventForPluginEventSystem (node_modules/react-dom/cjs/react-dom.development.js:9287:3)
      at dispatchEventWithEnableCapturePhaseSelectiveHydrationWithoutDiscreteEventReplay (node_modules/react-dom/cjs/react-dom.development.js:6465:5)
      at dispatchEvent (node_modules/react-dom/cjs/react-dom.development.js:6457:5)
      at dispatchDiscreteEvent (node_modules/react-dom/cjs/react-dom.development.js:6430:5)
      at HTMLDivElement.callTheUserObjectsOperation (node_modules/jsdom/lib/jsdom/living/generated/EventListener.js:26:30)
      at innerInvokeEventListeners (node_modules/jsdom/lib/jsdom/living/events/EventTarget-impl.js:338:25)
      at invokeEventListeners (node_modules/jsdom/lib/jsdom/living/events/EventTarget-impl.js:274:3)
      at HTMLFormElementImpl._dispatch (node_modules/jsdom/lib/jsdom/living/events/EventTarget-impl.js:221:9)
      at fireAnEvent (node_modules/jsdom/lib/jsdom/living/helpers/events.js:18:36)
      at HTMLFormElementImpl.submit (node_modules/jsdom/lib/jsdom/living/nodes/HTMLFormElement-impl.js:84:10)
      at HTMLFormElementImpl._doSubmit (node_modules/jsdom/lib/jsdom/living/nodes/HTMLFormElement-impl.js:80:10)
      at HTMLButtonElementImpl._activationBehavior (node_modules/jsdom/lib/jsdom/living/nodes/HTMLButtonElement-impl.js:23:14)
      at HTMLButtonElementImpl._dispatch (node_modules/jsdom/lib/jsdom/living/events/EventTarget-impl.js:240:26)
      at HTMLButtonElementImpl.dispatchEvent (node_modules/jsdom/lib/jsdom/living/events/EventTarget-impl.js:94:17)
      at HTMLButtonElement.dispatchEvent (node_modules/jsdom/lib/jsdom/living/generated/EventTarget.js:231:34)
      at node_modules/@testing-library/react/node_modules/@testing-library/dom/dist/events.js:19:20
      at node_modules/@testing-library/react/dist/pure.js:108:16
      at node_modules/@testing-library/react/dist/act-compat.js:48:24
      at act (node_modules/react/cjs/react.development.js:2512:16)
      at node_modules/@testing-library/react/dist/act-compat.js:47:25
      at Object.eventWrapper (node_modules/@testing-library/react/dist/pure.js:107:28)
      at fireEvent (node_modules/@testing-library/react/node_modules/@testing-library/dom/dist/events.js:12:35)
      at fireEvent.<computed> [as click] (node_modules/@testing-library/react/node_modules/@testing-library/dom/dist/events.js:110:36)
      at fireEvent.click (node_modules/@testing-library/react/dist/fire-event.js:15:52)
      at Object.<anonymous> (src/components/Login.test.jsx:65:15)
      at TestScheduler.scheduleTests (node_modules/@jest/core/build/TestScheduler.js:333:13)
      at runJest (node_modules/@jest/core/build/runJest.js:404:19)
      at _run10000 (node_modules/@jest/core/build/cli/index.js:320:7)
      at runCLI (node_modules/@jest/core/build/cli/index.js:173:3)

  ΓùÅ Login Component ΓÇ║ calls login API on valid login submit

    expect(jest.fn()).toHaveBeenCalledWith(...expected)

    Expected: StringContaining "/auth/login", ObjectContaining {"email": "test@example.com"}

    Number of calls: 0

    Ignored nodes: comments, script, style
    <html>
      <head />
      <body>
        <div>
          <div
            style="max-width: 420px; margin: 80px auto; padding: 28px; border: 1px solid #ddd; border-radius: 8px;"
          >
            <h2>
              Login
               - TaskGuard
            </h2>
            <form>
              <div>
                <input
                  placeholder="Email"
                  style="width: 100%; margin-bottom: 4px; padding: 8px; box-sizing: border-box;"
                  value="test@example.com"
                />
              </div>
              <div
                style="margin-top: 8px;"
              >
                <input
                  placeholder="Password"
                  style="width: 100%; margin-bottom: 4px; padding: 8px; box-sizing: border-box;"
                  type="password"
                  value="password"
                />
              </div>
              <button
                style="width: 100%; padding: 10px; margin-top: 16px; background: rgb(25, 118, 210); color: rgb(255, 255, 255); border-radius: 4px; cursor: pointer;"
                type="submit"
              >
                Login
              </button>
            </form>
            <button
              style="margin-top: 12px; background: none; color: rgb(25, 118, 210); cursor: pointer;"
            >
              Create an account
            </button>
          </div>
        </div>
      </body>
    </html>

      65 |     fireEvent.click(screen.getByRole('button', { name: /login/i }));
      66 |     await waitFor(() => {
    > 67 |       expect(axios.post).toHaveBeenCalledWith(
         |                          ^
      68 |         expect.stringContaining('/auth/login'),
      69 |         expect.objectContaining({ email: 'test@example.com' })
      70 |       );

      at src/components/Login.test.jsx:67:26
      at runWithExpensiveErrorDiagnosticsDisabled (node_modules/@testing-library/react/node_modules/@testing-library/dom/dist/config.js:47:12)
      at checkCallback (node_modules/@testing-library/react/node_modules/@testing-library/dom/dist/wait-for.js:124:77)
      at checkRealTimersCallback (node_modules/@testing-library/react/node_modules/@testing-library/dom/dist/wait-for.js:118:16)
      at Timeout.task [as _onTimeout] (node_modules/jsdom/lib/jsdom/browser/Window.js:516:19)

  ΓùÅ Login Component ΓÇ║ shows error message on login failure

    TypeError: (0 , _authSlice.loginStart) is not a function

      25 |     if (Object.keys(errs).length) { setValidationErrors(errs); return; }
      26 |     setValidationErrors({});
    > 27 |     dispatch(loginStart());
         |                        ^
      28 |     try {
      29 |       if (isRegistering) {
      30 |         await register({ email: formData.email, password: formData.password, fullName: formData.fullName, domainRole: formData.domainRole });

      at handleSubmit (src/components/Login.jsx:27:24)
      at HTMLUnknownElement.callCallback (node_modules/react-dom/cjs/react-dom.development.js:4164:14)
      at HTMLUnknownElement.callTheUserObjectsOperation (node_modules/jsdom/lib/jsdom/living/generated/EventListener.js:26:30)
      at innerInvokeEventListeners (node_modules/jsdom/lib/jsdom/living/events/EventTarget-impl.js:338:25)
      at invokeEventListeners (node_modules/jsdom/lib/jsdom/living/events/EventTarget-impl.js:274:3)
      at HTMLUnknownElementImpl._dispatch (node_modules/jsdom/lib/jsdom/living/events/EventTarget-impl.js:221:9)
      at HTMLUnknownElementImpl.dispatchEvent (node_modules/jsdom/lib/jsdom/living/events/EventTarget-impl.js:94:17)
      at HTMLUnknownElement.dispatchEvent (node_modules/jsdom/lib/jsdom/living/generated/EventTarget.js:231:34)
      at Object.invokeGuardedCallbackDev (node_modules/react-dom/cjs/react-dom.development.js:4213:16)
      at invokeGuardedCallback (node_modules/react-dom/cjs/react-dom.development.js:4277:31)
      at invokeGuardedCallbackAndCatchFirstError (node_modules/react-dom/cjs/react-dom.development.js:4291:25)
      at executeDispatch (node_modules/react-dom/cjs/react-dom.development.js:9041:3)
      at processDispatchQueueItemsInOrder (node_modules/react-dom/cjs/react-dom.development.js:9073:7)
      at processDispatchQueue (node_modules/react-dom/cjs/react-dom.development.js:9086:5)
      at dispatchEventsForPlugins (node_modules/react-dom/cjs/react-dom.development.js:9097:3)
      at node_modules/react-dom/cjs/react-dom.development.js:9288:12
      at batchedUpdates$1 (node_modules/react-dom/cjs/react-dom.development.js:26179:12)
      at batchedUpdates (node_modules/react-dom/cjs/react-dom.development.js:3991:12)
      at dispatchEventForPluginEventSystem (node_modules/react-dom/cjs/react-dom.development.js:9287:3)
      at dispatchEventWithEnableCapturePhaseSelectiveHydrationWithoutDiscreteEventReplay (node_modules/react-dom/cjs/react-dom.development.js:6465:5)
      at dispatchEvent (node_modules/react-dom/cjs/react-dom.development.js:6457:5)
      at dispatchDiscreteEvent (node_modules/react-dom/cjs/react-dom.development.js:6430:5)
      at HTMLDivElement.callTheUserObjectsOperation (node_modules/jsdom/lib/jsdom/living/generated/EventListener.js:26:30)
      at innerInvokeEventListeners (node_modules/jsdom/lib/jsdom/living/events/EventTarget-impl.js:338:25)
      at invokeEventListeners (node_modules/jsdom/lib/jsdom/living/events/EventTarget-impl.js:274:3)
      at HTMLFormElementImpl._dispatch (node_modules/jsdom/lib/jsdom/living/events/EventTarget-impl.js:221:9)
      at fireAnEvent (node_modules/jsdom/lib/jsdom/living/helpers/events.js:18:36)
      at HTMLFormElementImpl.submit (node_modules/jsdom/lib/jsdom/living/nodes/HTMLFormElement-impl.js:84:10)
      at HTMLFormElementImpl._doSubmit (node_modules/jsdom/lib/jsdom/living/nodes/HTMLFormElement-impl.js:80:10)
      at HTMLButtonElementImpl._activationBehavior (node_modules/jsdom/lib/jsdom/living/nodes/HTMLButtonElement-impl.js:23:14)
      at HTMLButtonElementImpl._dispatch (node_modules/jsdom/lib/jsdom/living/events/EventTarget-impl.js:240:26)
      at HTMLButtonElementImpl.dispatchEvent (node_modules/jsdom/lib/jsdom/living/events/EventTarget-impl.js:94:17)
      at HTMLButtonElement.dispatchEvent (node_modules/jsdom/lib/jsdom/living/generated/EventTarget.js:231:34)
      at node_modules/@testing-library/react/node_modules/@testing-library/dom/dist/events.js:19:20
      at node_modules/@testing-library/react/dist/pure.js:108:16
      at node_modules/@testing-library/react/dist/act-compat.js:48:24
      at act (node_modules/react/cjs/react.development.js:2512:16)
      at node_modules/@testing-library/react/dist/act-compat.js:47:25
      at Object.eventWrapper (node_modules/@testing-library/react/dist/pure.js:107:28)
      at fireEvent (node_modules/@testing-library/react/node_modules/@testing-library/dom/dist/events.js:12:35)
      at fireEvent.<computed> [as click] (node_modules/@testing-library/react/node_modules/@testing-library/dom/dist/events.js:110:36)
      at fireEvent.click (node_modules/@testing-library/react/dist/fire-event.js:15:52)
      at Object.<anonymous> (src/components/Login.test.jsx:79:15)
      at TestScheduler.scheduleTests (node_modules/@jest/core/build/TestScheduler.js:333:13)
      at runJest (node_modules/@jest/core/build/runJest.js:404:19)
      at _run10000 (node_modules/@jest/core/build/cli/index.js:320:7)
      at runCLI (node_modules/@jest/core/build/cli/index.js:173:3)

  ΓùÅ Login Component ΓÇ║ shows error message on login failure

    Unable to find an element with the text: Invalid credentials.. This could be because the text is broken up by multiple elements. In this case, you can provide a function for your text matcher to make your matcher more flexible.

    Ignored nodes: comments, script, style
    <body>
      <div>
        <div
          style="max-width: 420px; margin: 80px auto; padding: 28px; border: 1px solid #ddd; border-radius: 8px;"
        >
          <h2>
            Login
             - TaskGuard
          </h2>
          <form>
            <div>
              <input
                placeholder="Email"
                style="width: 100%; margin-bottom: 4px; padding: 8px; box-sizing: border-box;"
                value="bad@example.com"
              />
            </div>
            <div
              style="margin-top: 8px;"
            >
              <input
                placeholder="Password"
                style="width: 100%; margin-bottom: 4px; padding: 8px; box-sizing: border-box;"
                type="password"
                value="wrong"
              />
            </div>
            <button
              style="width: 100%; padding: 10px; margin-top: 16px; background: rgb(25, 118, 210); color: rgb(255, 255, 255); border-radius: 4px; cursor: pointer;"
              type="submit"
            >
              Login
            </button>
          </form>
          <button
            style="margin-top: 12px; background: none; color: rgb(25, 118, 210); cursor: pointer;"
          >
            Create an account
          </button>
        </div>
      </div>
    </body>

      78 |     fireEvent.change(screen.getByPlaceholderText('Password'), { target: { value: 'wrong' } });
      79 |     fireEvent.click(screen.getByRole('button', { name: /login/i }));
    > 80 |     await waitFor(() => {
         |                  ^
      81 |       expect(screen.getByText('Invalid credentials.')).toBeInTheDocument();
      82 |     });
      83 |   });

      at waitForWrapper (node_modules/@testing-library/react/node_modules/@testing-library/dom/dist/wait-for.js:163:27)
      at Object.<anonymous> (src/components/Login.test.jsx:80:18)
      at TestScheduler.scheduleTests (node_modules/@jest/core/build/TestScheduler.js:333:13)
      at runJest (node_modules/@jest/core/build/runJest.js:404:19)
      at _run10000 (node_modules/@jest/core/build/cli/index.js:320:7)
      at runCLI (node_modules/@jest/core/build/cli/index.js:173:3)

  ΓùÅ Login Component ΓÇ║ calls register API and shows success message

    TypeError: (0 , _authSlice.loginStart) is not a function

      25 |     if (Object.keys(errs).length) { setValidationErrors(errs); return; }
      26 |     setValidationErrors({});
    > 27 |     dispatch(loginStart());
         |                        ^
      28 |     try {
      29 |       if (isRegistering) {
      30 |         await register({ email: formData.email, password: formData.password, fullName: formData.fullName, domainRole: formData.domainRole });

      at handleSubmit (src/components/Login.jsx:27:24)
      at HTMLUnknownElement.callCallback (node_modules/react-dom/cjs/react-dom.development.js:4164:14)
      at HTMLUnknownElement.callTheUserObjectsOperation (node_modules/jsdom/lib/jsdom/living/generated/EventListener.js:26:30)
      at innerInvokeEventListeners (node_modules/jsdom/lib/jsdom/living/events/EventTarget-impl.js:338:25)
      at invokeEventListeners (node_modules/jsdom/lib/jsdom/living/events/EventTarget-impl.js:274:3)
      at HTMLUnknownElementImpl._dispatch (node_modules/jsdom/lib/jsdom/living/events/EventTarget-impl.js:221:9)
      at HTMLUnknownElementImpl.dispatchEvent (node_modules/jsdom/lib/jsdom/living/events/EventTarget-impl.js:94:17)
      at HTMLUnknownElement.dispatchEvent (node_modules/jsdom/lib/jsdom/living/generated/EventTarget.js:231:34)
      at Object.invokeGuardedCallbackDev (node_modules/react-dom/cjs/react-dom.development.js:4213:16)
      at invokeGuardedCallback (node_modules/react-dom/cjs/react-dom.development.js:4277:31)
      at invokeGuardedCallbackAndCatchFirstError (node_modules/react-dom/cjs/react-dom.development.js:4291:25)
      at executeDispatch (node_modules/react-dom/cjs/react-dom.development.js:9041:3)
      at processDispatchQueueItemsInOrder (node_modules/react-dom/cjs/react-dom.development.js:9073:7)
      at processDispatchQueue (node_modules/react-dom/cjs/react-dom.development.js:9086:5)
      at dispatchEventsForPlugins (node_modules/react-dom/cjs/react-dom.development.js:9097:3)
      at node_modules/react-dom/cjs/react-dom.development.js:9288:12
      at batchedUpdates$1 (node_modules/react-dom/cjs/react-dom.development.js:26179:12)
      at batchedUpdates (node_modules/react-dom/cjs/react-dom.development.js:3991:12)
      at dispatchEventForPluginEventSystem (node_modules/react-dom/cjs/react-dom.development.js:9287:3)
      at dispatchEventWithEnableCapturePhaseSelectiveHydrationWithoutDiscreteEventReplay (node_modules/react-dom/cjs/react-dom.development.js:6465:5)
      at dispatchEvent (node_modules/react-dom/cjs/react-dom.development.js:6457:5)
      at dispatchDiscreteEvent (node_modules/react-dom/cjs/react-dom.development.js:6430:5)
      at HTMLDivElement.callTheUserObjectsOperation (node_modules/jsdom/lib/jsdom/living/generated/EventListener.js:26:30)
      at innerInvokeEventListeners (node_modules/jsdom/lib/jsdom/living/events/EventTarget-impl.js:338:25)
      at invokeEventListeners (node_modules/jsdom/lib/jsdom/living/events/EventTarget-impl.js:274:3)
      at HTMLFormElementImpl._dispatch (node_modules/jsdom/lib/jsdom/living/events/EventTarget-impl.js:221:9)
      at fireAnEvent (node_modules/jsdom/lib/jsdom/living/helpers/events.js:18:36)
      at HTMLFormElementImpl.submit (node_modules/jsdom/lib/jsdom/living/nodes/HTMLFormElement-impl.js:84:10)
      at HTMLFormElementImpl._doSubmit (node_modules/jsdom/lib/jsdom/living/nodes/HTMLFormElement-impl.js:80:10)
      at HTMLButtonElementImpl._activationBehavior (node_modules/jsdom/lib/jsdom/living/nodes/HTMLButtonElement-impl.js:23:14)
      at HTMLButtonElementImpl._dispatch (node_modules/jsdom/lib/jsdom/living/events/EventTarget-impl.js:240:26)
      at HTMLButtonElementImpl.dispatchEvent (node_modules/jsdom/lib/jsdom/living/events/EventTarget-impl.js:94:17)
      at HTMLButtonElement.dispatchEvent (node_modules/jsdom/lib/jsdom/living/generated/EventTarget.js:231:34)
      at node_modules/@testing-library/react/node_modules/@testing-library/dom/dist/events.js:19:20
      at node_modules/@testing-library/react/dist/pure.js:108:16
      at node_modules/@testing-library/react/dist/act-compat.js:48:24
      at act (node_modules/react/cjs/react.development.js:2512:16)
      at node_modules/@testing-library/react/dist/act-compat.js:47:25
      at Object.eventWrapper (node_modules/@testing-library/react/dist/pure.js:107:28)
      at fireEvent (node_modules/@testing-library/react/node_modules/@testing-library/dom/dist/events.js:12:35)
      at fireEvent.<computed> [as click] (node_modules/@testing-library/react/node_modules/@testing-library/dom/dist/events.js:110:36)
      at fireEvent.click (node_modules/@testing-library/react/dist/fire-event.js:15:52)
      at Object.<anonymous> (src/components/Login.test.jsx:92:15)
      at TestScheduler.scheduleTests (node_modules/@jest/core/build/TestScheduler.js:333:13)
      at runJest (node_modules/@jest/core/build/runJest.js:404:19)
      at _run10000 (node_modules/@jest/core/build/cli/index.js:320:7)
      at runCLI (node_modules/@jest/core/build/cli/index.js:173:3)

  ΓùÅ Login Component ΓÇ║ calls register API and shows success message

    expect(jest.fn()).toHaveBeenCalledWith(...expected)

    Expected: StringContaining "/auth/register", ObjectContaining {"email": "new@example.com"}

    Number of calls: 0

    Ignored nodes: comments, script, style
    <html>
      <head />
      <body>
        <div>
          <div
            style="max-width: 420px; margin: 80px auto; padding: 28px; border: 1px solid #ddd; border-radius: 8px;"
          >
            <h2>
              Register
               - TaskGuard
            </h2>
            <form>
              <div>
                <input
                  placeholder="Email"
                  style="width: 100%; margin-bottom: 4px; padding: 8px; box-sizing: border-box;"
                  value="new@example.com"
                />
              </div>
              <div
                style="margin-top: 8px;"
              >
                <input
                  placeholder="Password"
                  style="width: 100%; margin-bottom: 4px; padding: 8px; box-sizing: border-box;"
                  type="password"
                  value="pass123"
                />
              </div>
              <div
                style="margin-top: 8px;"
              >
                <input
                  placeholder="Full Name"
                  style="width: 100%; margin-bottom: 4px; padding: 8px; box-sizing: border-box;"
                  value="New User"
                />
              </div>
              <select
                style="width: 100%; margin-top: 8px; margin-bottom: 4px; padding: 8px;"
              >
                <option
                  value="TEAM_CONTRIBUTOR"
                >
                  Team Contributor
                </option>
                <option
                  value="PROJECT_MANAGER"
                >
                  Project Manager
                </option>
                <option
                  value="PROJECT_DIRECTOR"
                >
                  Project Director
                </option>
              </select>
              <button
                style="width: 100%; padding: 10px; margin-top: 16px; background: rgb(25, 118, 210); color: rgb(255, 255, 255); border-radius: 4px; cursor: pointer;"
                type="submit"
              >
                Register
              </button>
            </form>
            <button
              style="margin-top: 12px; background: none; color: rgb(25, 118, 210); cursor: pointer;"
            >
              Back to Login
            </button>
          </div>
        </div>
      </body>
    </html>

      92 |     fireEvent.click(screen.getByRole('button', { name: /register/i }));
      93 |     await waitFor(() => {
    > 94 |       expect(axios.post).toHaveBeenCalledWith(
         |                          ^
      95 |         expect.stringContaining('/auth/register'),
      96 |         expect.objectContaining({ email: 'new@example.com' })
      97 |       );

      at src/components/Login.test.jsx:94:26
      at runWithExpensiveErrorDiagnosticsDisabled (node_modules/@testing-library/react/node_modules/@testing-library/dom/dist/config.js:47:12)
      at checkCallback (node_modules/@testing-library/react/node_modules/@testing-library/dom/dist/wait-for.js:124:77)
      at checkRealTimersCallback (node_modules/@testing-library/react/node_modules/@testing-library/dom/dist/wait-for.js:118:16)
      at Timeout.task [as _onTimeout] (node_modules/jsdom/lib/jsdom/browser/Window.js:516:19)

Test Suites: 1 failed, 1 total
Tests:       3 failed, 5 passed, 8 total
Snapshots:   0 total
Time:        6.635 s
Ran all test suites matching /Login.test.jsx/i.
